------------------------------------------------------------
TimeQuest Timing Analyzer Summary
------------------------------------------------------------

Type  : Slow Model Setup 'clk'
Slack : -7.687
TNS   : -177.614

Type  : Slow Model Setup 'Divisor_frequencia:CLKM_MAKING|clk_inimigo_temp'
Slack : -5.744
TNS   : -440.013

Type  : Slow Model Setup 'CLKM_M|altpll_component|pll|clk[0]'
Slack : -5.369
TNS   : -72.185

Type  : Slow Model Setup 'ps2_keyboard_to_ascii:teclado|ps2_keyboard:ps2_keyboard_0|debounce:debounce_ps2_clk|result'
Slack : 0.085
TNS   : 0.000

Type  : Slow Model Hold 'clk'
Slack : -2.530
TNS   : -22.414

Type  : Slow Model Hold 'CLKM_M|altpll_component|pll|clk[0]'
Slack : -0.114
TNS   : -0.114

Type  : Slow Model Hold 'Divisor_frequencia:CLKM_MAKING|clk_inimigo_temp'
Slack : 0.391
TNS   : 0.000

Type  : Slow Model Hold 'ps2_keyboard_to_ascii:teclado|ps2_keyboard:ps2_keyboard_0|debounce:debounce_ps2_clk|result'
Slack : 0.539
TNS   : 0.000

Type  : Slow Model Minimum Pulse Width 'clk'
Slack : -1.380
TNS   : -76.380

Type  : Slow Model Minimum Pulse Width 'Divisor_frequencia:CLKM_MAKING|clk_inimigo_temp'
Slack : -0.500
TNS   : -102.000

Type  : Slow Model Minimum Pulse Width 'ps2_keyboard_to_ascii:teclado|ps2_keyboard:ps2_keyboard_0|debounce:debounce_ps2_clk|result'
Slack : -0.500
TNS   : -11.000

Type  : Slow Model Minimum Pulse Width 'CLKM_M|altpll_component|pll|clk[0]'
Slack : 3.629
TNS   : 0.000

Type  : Slow Model Minimum Pulse Width 'clk_27'
Slack : 18.518
TNS   : 0.000

Type  : Fast Model Setup 'CLKM_M|altpll_component|pll|clk[0]'
Slack : -2.938
TNS   : -40.900

Type  : Fast Model Setup 'clk'
Slack : -2.727
TNS   : -47.284

Type  : Fast Model Setup 'Divisor_frequencia:CLKM_MAKING|clk_inimigo_temp'
Slack : -2.000
TNS   : -145.688

Type  : Fast Model Setup 'ps2_keyboard_to_ascii:teclado|ps2_keyboard:ps2_keyboard_0|debounce:debounce_ps2_clk|result'
Slack : 0.311
TNS   : 0.000

Type  : Fast Model Hold 'clk'
Slack : -1.574
TNS   : -15.362

Type  : Fast Model Hold 'CLKM_M|altpll_component|pll|clk[0]'
Slack : 0.054
TNS   : 0.000

Type  : Fast Model Hold 'Divisor_frequencia:CLKM_MAKING|clk_inimigo_temp'
Slack : 0.215
TNS   : 0.000

Type  : Fast Model Hold 'ps2_keyboard_to_ascii:teclado|ps2_keyboard:ps2_keyboard_0|debounce:debounce_ps2_clk|result'
Slack : 0.249
TNS   : 0.000

Type  : Fast Model Minimum Pulse Width 'clk'
Slack : -1.380
TNS   : -76.380

Type  : Fast Model Minimum Pulse Width 'Divisor_frequencia:CLKM_MAKING|clk_inimigo_temp'
Slack : -0.500
TNS   : -102.000

Type  : Fast Model Minimum Pulse Width 'ps2_keyboard_to_ascii:teclado|ps2_keyboard:ps2_keyboard_0|debounce:debounce_ps2_clk|result'
Slack : -0.500
TNS   : -11.000

Type  : Fast Model Minimum Pulse Width 'CLKM_M|altpll_component|pll|clk[0]'
Slack : 3.629
TNS   : 0.000

Type  : Fast Model Minimum Pulse Width 'clk_27'
Slack : 18.518
TNS   : 0.000

------------------------------------------------------------
