------------------------------------------------------------
TimeQuest Timing Analyzer Summary
------------------------------------------------------------

Type  : Slow Model Setup 'clk'
Slack : -8.015
TNS   : -187.341

Type  : Slow Model Setup 'Divisor_frequencia:CLKM_MAKING|clk_inimigo_temp'
Slack : -6.040
TNS   : -436.107

Type  : Slow Model Setup 'CLKM_M|altpll_component|pll|clk[0]'
Slack : -5.324
TNS   : -74.180

Type  : Slow Model Setup 'ps2_keyboard_to_ascii:teclado|ps2_keyboard:ps2_keyboard_0|debounce:debounce_ps2_clk|result'
Slack : -0.312
TNS   : -0.814

Type  : Slow Model Hold 'clk'
Slack : -2.533
TNS   : -22.645

Type  : Slow Model Hold 'CLKM_M|altpll_component|pll|clk[0]'
Slack : -0.104
TNS   : -0.104

Type  : Slow Model Hold 'Divisor_frequencia:CLKM_MAKING|clk_inimigo_temp'
Slack : 0.391
TNS   : 0.000

Type  : Slow Model Hold 'ps2_keyboard_to_ascii:teclado|ps2_keyboard:ps2_keyboard_0|debounce:debounce_ps2_clk|result'
Slack : 0.671
TNS   : 0.000

Type  : Slow Model Minimum Pulse Width 'clk'
Slack : -1.380
TNS   : -76.380

Type  : Slow Model Minimum Pulse Width 'Divisor_frequencia:CLKM_MAKING|clk_inimigo_temp'
Slack : -0.500
TNS   : -102.000

Type  : Slow Model Minimum Pulse Width 'ps2_keyboard_to_ascii:teclado|ps2_keyboard:ps2_keyboard_0|debounce:debounce_ps2_clk|result'
Slack : -0.500
TNS   : -11.000

Type  : Slow Model Minimum Pulse Width 'CLKM_M|altpll_component|pll|clk[0]'
Slack : 3.629
TNS   : 0.000

Type  : Slow Model Minimum Pulse Width 'clk_27'
Slack : 18.518
TNS   : 0.000

Type  : Fast Model Setup 'clk'
Slack : -2.893
TNS   : -52.074

Type  : Fast Model Setup 'CLKM_M|altpll_component|pll|clk[0]'
Slack : -2.891
TNS   : -41.604

Type  : Fast Model Setup 'Divisor_frequencia:CLKM_MAKING|clk_inimigo_temp'
Slack : -2.226
TNS   : -146.553

Type  : Fast Model Setup 'ps2_keyboard_to_ascii:teclado|ps2_keyboard:ps2_keyboard_0|debounce:debounce_ps2_clk|result'
Slack : 0.158
TNS   : 0.000

Type  : Fast Model Hold 'clk'
Slack : -1.577
TNS   : -15.353

Type  : Fast Model Hold 'CLKM_M|altpll_component|pll|clk[0]'
Slack : 0.062
TNS   : 0.000

Type  : Fast Model Hold 'Divisor_frequencia:CLKM_MAKING|clk_inimigo_temp'
Slack : 0.215
TNS   : 0.000

Type  : Fast Model Hold 'ps2_keyboard_to_ascii:teclado|ps2_keyboard:ps2_keyboard_0|debounce:debounce_ps2_clk|result'
Slack : 0.331
TNS   : 0.000

Type  : Fast Model Minimum Pulse Width 'clk'
Slack : -1.380
TNS   : -76.380

Type  : Fast Model Minimum Pulse Width 'Divisor_frequencia:CLKM_MAKING|clk_inimigo_temp'
Slack : -0.500
TNS   : -102.000

Type  : Fast Model Minimum Pulse Width 'ps2_keyboard_to_ascii:teclado|ps2_keyboard:ps2_keyboard_0|debounce:debounce_ps2_clk|result'
Slack : -0.500
TNS   : -11.000

Type  : Fast Model Minimum Pulse Width 'CLKM_M|altpll_component|pll|clk[0]'
Slack : 3.629
TNS   : 0.000

Type  : Fast Model Minimum Pulse Width 'clk_27'
Slack : 18.518
TNS   : 0.000

------------------------------------------------------------
